Microsoft Windows [Version 10.0.26100.4652]
(c) Microsoft Corporation. All rights reserved.

D:\NoteTakingApp>git init
Reinitialized existing Git repository in D:/NoteTakingApp/.git/

D:\NoteTakingApp>git commit -m "first commit"
Author identity unknown

*** Please tell me who you are.

Run

  git config --global user.email "you@example.com"
  git config --global user.name "Your Name"

to set your account's default identity.
Omit --global to set the identity only in this repository.

fatal: unable to auto-detect email address (got 'User@DESKTOP-K1116BG.(none)')

D:\NoteTakingApp>git config user.email "sabijon.christian77@gmail.com"

D:\NoteTakingApp>git commit -m "first commit"
On branch master

Initial commit

Untracked files:
  (use "git add <file>..." to include in what will be committed)
        .gitignore
        client/
        server/

nothing added to commit but untracked files present (use "git add" to track)

D:\NoteTakingApp>git add .

D:\NoteTakingApp>git commit -m "first commit"
[master (root-commit) 041892b] first commit
 20 files changed, 3338 insertions(+)
 create mode 100644 .gitignore
 create mode 100644 client/index.html
 create mode 100644 client/js/api.js
 create mode 100644 client/js/app.js
 create mode 100644 client/style.css
 create mode 100644 server/.env
 create mode 100644 server/config/db.js
 create mode 100644 server/controllers/categoryController.js
 create mode 100644 server/controllers/extraController.js
 create mode 100644 server/controllers/noteController.js
 create mode 100644 server/controllers/userController.js
 create mode 100644 server/index.js
 create mode 100644 server/init-db.js
 create mode 100644 server/package-lock.json
 create mode 100644 server/package.json
 create mode 100644 server/routes/categoryRoutes.js
 create mode 100644 server/routes/extraRoutes.js
 create mode 100644 server/routes/noteRoutes.js
 create mode 100644 server/routes/userRoutes.js
 create mode 100644 server/schema.sql

D:\NoteTakingApp>git branch -M main

D:\NoteTakingApp>git remote add origin https://github.com/SabijonCLTensei/Project2nd.git

D:\NoteTakingApp>git push -u origin main
info: please complete authentication in your browser...
Enumerating objects: 28, done.
Counting objects: 100% (28/28), done.
Delta compression using up to 12 threads
Compressing objects: 100% (27/27), done.
Writing objects: 100% (28/28), 33.89 KiB | 5.65 MiB/s, done.
Total 28 (delta 0), reused 0 (delta 0), pack-reused 0 (from 0)
To https://github.com/SabijonCLTensei/Project2nd.git
 * [new branch]      main -> main
branch 'main' set up to track 'origin/main'.

D:\NoteTakingApp>






Microsoft Windows [Version 10.0.26100.4652]
(c) Microsoft Corporation. All rights reserved.

C:\Users\User\Desktop\sabsab\NoteTakingApp\NoteTakingAndroidNative>npm install
npm warn deprecated tar@6.2.1: Old versions of tar are not supported, and contain widely publicized security vulnerabilities, which have been fixed in the current version. Please update. Support for old versions may be purchased (at exorbitant rates) by contacting i@izs.me
npm warn deprecated glob@9.3.5: Old versions of glob are not supported, and contain widely publicized security vulnerabilities, which have been fixed in the current version. Please update. Support for old versions may be purchased (at exorbitant rates) by contacting i@izs.me

added 99 packages, and audited 100 packages in 13s

11 packages are looking for funding
  run `npm fund` for details

2 high severity vulnerabilities

To address all issues (including breaking changes), run:
  npm audit fix --force

Run `npm audit` for details.

C:\Users\User\Desktop\sabsab\NoteTakingApp\NoteTakingAndroidNative>npm run sync

> notes-pro-native@1.0.0 sync
> npx cap sync

√ copy web in 3.81ms
√ update web in 1.27ms
[info] Sync finished in 0.011s
[?] Would you like to help improve Capacitor by sharing anonymous usage data? 💖
    Read more about what is being collected and why here: https://capacitorjs.com/telemetry. You can change your mind at
    any time by using the npx cap telemetry command.
√ Share anonymous usage data? ... yes

Thank you for helping to make Capacitor better! 💖
Information about the data we collect is available on our website: https://capacitorjs.com/telemetry

C:\Users\User\Desktop\sabsab\NoteTakingApp\NoteTakingAndroidNative>npx cap add android
√ Adding native android project in android in 70.04ms
√ add in 70.68ms
√ Copying web assets from src to android\app\src\main\assets\public in 5.95ms
√ Creating capacitor.config.json in android\app\src\main\assets in 673.40μs
√ copy android in 12.51ms
√ Updating Android plugins in 766.40μs
[info] Found 1 Capacitor plugin for android:
       @capacitor/preferences@5.0.8
√ update android in 30.55ms
√ Syncing Gradle in 289.80μs
[success] android platform added!
Follow the Developer Workflow guide to get building:
https://capacitorjs.com/docs/basics/workflow

C:\Users\User\Desktop\sabsab\NoteTakingApp\NoteTakingAndroidNative>npx cap open android
[info] Opening Android project at: android.

C:\Users\User\Desktop\sabsab\NoteTakingApp\NoteTakingAndroidNative>











✦ I have created the NoteTakingAndroidNative folder. This is a complete Native Android Project that is completely "super independent"—it does not run in a browser and does not need an internet connection or a
  database server.

  Why this is "Super Independent":
   1. Native Wrapper (Capacitor): This project is designed to be built into a real Android APK. It has its own icon, its own app container, and does not rely on a browser UI.
   2. Private Native Storage: It uses the phone's native storage system (Capacitor Preferences) to create a private, isolated storage space just for this app.
   3. No Browser Dependencies: Once installed, it launches directly from your home screen as a standalone application, exactly like the desktop version on your computer.

  Project Folder Location:
  C:\Users\User\Desktop\sabsab\NoteTakingApp\NoteTakingAndroidNative

  How to turn it into an APK (on your phone):
   1. Install Dependencies: Run npm install inside the folder.
   2. Build Assets: Run npm run sync.
   3. Create Android Project: Run npx cap add android.
   4. Open in Android Studio: Run npx cap open android. From there, you can click "Build APK" to get the file for your phone.

  This folder contains everything you need to have a professional, independent note-taking app on your phone that is completely separate from the browser.